<html>
<body>
<pre>
<h1>µVision Build Log</h1>
<h2>Tool Versions:</h2>
IDE-Version: ÂµVision V5.40.0.0
Copyright (C) 2024 ARM Ltd and ARM Germany GmbH. All rights reserved.
License Information: 1 asus, 1, LIC=HF82M-XH40D-240SS-L2DJG-3ITFA-QE5DF
 
Tool Versions:
Toolchain:       MDK-ARM Professional  Version: 5.40.0.3
Toolchain Path:  C:\Users\asus\AppData\Local\Keil_v5\ARM\ARMCLANG\Bin
C Compiler:      ArmClang.exe V6.22
Assembler:       Armasm.exe V6.22
Linker/Locator:  ArmLink.exe V6.22
Library Manager: ArmAr.exe V6.22
Hex Converter:   FromElf.exe V6.22
CPU DLL:         SARMCM3.DLL V5.40.0.3
Dialog DLL:      DCM.DLL V1.17.5.0
Target DLL:      Segger\JL2CM3.dll V2.99.44.0
Dialog DLL:      TCM.DLL V1.56.4.0
 
<h2>Project:</h2>
D:\OneDrive\Desktop\8_12\8_12\MDK-ARM\8_12.uvprojx
Project File Date:  08/12/2025

<h2>Output:</h2>
*** Using Compiler 'V6.22', folder: 'C:\Users\asus\AppData\Local\Keil_v5\ARM\ARMCLANG\Bin'
Build target '8_12'
compiling main.c...
linking...
Program Size: Code=15128 RO-data=1032 RW-data=28 ZI-data=4692  
FromELF: creating hex file...
"8_12\8_12.axf" - 0 Error(s), 0 Warning(s).

<h2>Software Packages used:</h2>

Package Vendor: ARM
                https://www.keil.com/pack/ARM.CMSIS.6.1.0.pack
                ARM::CMSIS@6.1.0
                CMSIS (Common Microcontroller Software Interface Standard)
   * Component: CORE Version: 6.1.0

Package Vendor: ARM
                https://www.keil.com/pack/ARM.CMSIS-Compiler.2.1.0.pack
                ARM::CMSIS-Compiler@2.1.0
                CMSIS Compiler extensions for Arm Compiler, GCC, Clang, and IAR Compiler
   * Component: CORE Version: 1.1.0

Package Vendor: ARM
                https://www.keil.com/pack/ARM.CMSIS-View.1.2.0.pack
                ARM::CMSIS-View@1.2.0
                Debugger visualization of software events and statistics
   * Component: Event Recorder Variant: DAP Version: 1.6.0

Package Vendor: Keil
                https://www.keil.com/pack/Keil.STM32F4xx_DFP.3.1.0.pack
                Keil::STM32F4xx_DFP@3.1.0
                STMicroelectronics STM32F4 Series Device Support
   * Component: CubeMX Version: 1.0.0

<h2>Collection of Component include folders:</h2>
  ./RTE/CMSIS-View
  ./RTE/_8_12
  ./STM32CubeMX/8_12/MX_Device/8_12
  ./STM32CubeMX/8_12/STM32CubeMX/Drivers/CMSIS/Device/ST/STM32F4xx/Include
  ./STM32CubeMX/8_12/STM32CubeMX/Drivers/STM32F4xx_HAL_Driver/Inc
  ./STM32CubeMX/8_12/STM32CubeMX/Drivers/STM32F4xx_HAL_Driver/Inc/Legacy
  ./STM32CubeMX/8_12/STM32CubeMX/Inc
  D:/Keil_Installer/Keil_Pack/ARM/CMSIS-View/1.2.0/EventRecorder/Include
  D:/Keil_Installer/Keil_Pack/ARM/CMSIS/6.1.0/CMSIS/Core/Include

<h2>Collection of Component Files used:</h2>

   * Component: ARM::CMSIS-Compiler:CORE@1.1.0
      Source file:   source/armcc/retarget_io.c

   * Component: ARM::CMSIS-View:Event Recorder&DAP@1.6.0
      Source file:   EventRecorder/Source/EventRecorder.c
      Include file:  EventRecorder/Config/EventRecorderConf.h
      Include file:  EventRecorder/Include/EventRecorder.h

   * Component: ARM::CMSIS:CORE@6.1.0
      Include file:  CMSIS/Core/Include/tz_context.h

   * Component: Keil::Device:CubeMX@1.0.0
Build Time Elapsed:  00:00:00
</pre>
</body>
</html>
